login as: root
root@192.168.150.129's password:
Last login: Mon Aug 29 19:41:58 2022 from 192.168.150.1
[root@localhost ~]# lsblk
NAME   MAJ:MIN RM  SIZE RO TYPE MOUNTPOINT
sda      8:0    0   30G  0 disk
├─sda1   8:1    0  300M  0 part /boot
├─sda2   8:2    0    2G  0 part [SWAP]
└─sda3   8:3    0 27.7G  0 part /
sr0     11:0    1  4.2G  0 rom  /run/media/dhana/RHEL-7.8 Server.x86_64
[root@localhost ~]# ls /sys/class/scsi_host/host | while read host ; do echo "---" > /sys/class/scsi_host/$host/scan ; done
ls: cannot access /sys/class/scsi_host/host: No such file or directory
[root@localhost ~]# ll /sys/class/scsi_host/host
ls: cannot access /sys/class/scsi_host/host: No such file or directory
[root@localhost ~]# ls /sys/class/scsi_host/host/ | while read host ; do echo "---" > /sys/class/scsi_host/$host/scan ; done
ls: cannot access /sys/class/scsi_host/host/: No such file or directory
[root@localhost ~]# ls /sys/class/scsi_host/host/ | while read host ; do echo "- - -" > /sys/class/scsi_host/$host/scan ; done
ls: cannot access /sys/class/scsi_host/host/: No such file or directory
[root@localhost ~]# echo "- - -" > /sys/class/scsi_host/host0/scan
[root@localhost ~]# lsblk
NAME   MAJ:MIN RM  SIZE RO TYPE MOUNTPOINT
sda      8:0    0   30G  0 disk
├─sda1   8:1    0  300M  0 part /boot
├─sda2   8:2    0    2G  0 part [SWAP]
└─sda3   8:3    0 27.7G  0 part /
sdb      8:16   0    5G  0 disk
sr0     11:0    1  4.2G  0 rom  /run/media/dhana/RHEL-7.8 Server.x86_64
[root@localhost ~]# ls  /sys/class/scsi_host/host/
ls: cannot access /sys/class/scsi_host/host/: No such file or directory
[root@localhost ~]# ls  /sys/class/scsi_host/host
host0/  host10/ host12/ host14/ host16/ host18/ host2/  host21/ host23/ host25/ host27/ host29/ host30/ host32/ host5/  host7/  host9/
host1/  host11/ host13/ host15/ host17/ host19/ host20/ host22/ host24/ host26/ host28/ host3/  host31/ host4/  host6/  host8/
[root@localhost ~]# ls  /sys/class/scsi_host/host
host0/  host10/ host12/ host14/ host16/ host18/ host2/  host21/ host23/ host25/ host27/ host29/ host30/ host32/ host5/  host7/  host9/
host1/  host11/ host13/ host15/ host17/ host19/ host20/ host22/ host24/ host26/ host28/ host3/  host31/ host4/  host6/  host8/
[root@localhost ~]# lsblk
NAME   MAJ:MIN RM  SIZE RO TYPE MOUNTPOINT
sda      8:0    0   30G  0 disk
├─sda1   8:1    0  300M  0 part /boot
├─sda2   8:2    0    2G  0 part [SWAP]
└─sda3   8:3    0 27.7G  0 part /
sdb      8:16   0    5G  0 disk
sr0     11:0    1  4.2G  0 rom  /run/media/dhana/RHEL-7.8 Server.x86_64
[root@localhost ~]# fdisk /dev/sdb
Welcome to fdisk (util-linux 2.23.2).

Changes will remain in memory only, until you decide to write them.
Be careful before using the write command.

Device does not contain a recognized partition table
Building a new DOS disklabel with disk identifier 0x9558a684.

Command (m for help): m
Command action
   a   toggle a bootable flag
   b   edit bsd disklabel
   c   toggle the dos compatibility flag
   d   delete a partition
   g   create a new empty GPT partition table
   G   create an IRIX (SGI) partition table
   l   list known partition types
   m   print this menu
   n   add a new partition
   o   create a new empty DOS partition table
   p   print the partition table
   q   quit without saving changes
   s   create a new empty Sun disklabel
   t   change a partition's system id
   u   change display/entry units
   v   verify the partition table
   w   write table to disk and exit
   x   extra functionality (experts only)

Command (m for help): n
Partition type:
   p   primary (0 primary, 0 extended, 4 free)
   e   extended
Select (default p): p
Partition number (1-4, default 1): 1
First sector (2048-10485759, default 2048):
Using default value 2048
Last sector, +sectors or +size{K,M,G} (2048-10485759, default 10485759):
Using default value 10485759
Partition 1 of type Linux and of size 5 GiB is set

Command (m for help): p

Disk /dev/sdb: 5368 MB, 5368709120 bytes, 10485760 sectors
Units = sectors of 1 * 512 = 512 bytes
Sector size (logical/physical): 512 bytes / 512 bytes
I/O size (minimum/optimal): 512 bytes / 512 bytes
Disk label type: dos
Disk identifier: 0x9558a684

   Device Boot      Start         End      Blocks   Id  System
/dev/sdb1            2048    10485759     5241856   83  Linux

Command (m for help): t
Selected partition 1
Hex code (type L to list all codes): L

 0  Empty           24  NEC DOS         81  Minix / old Lin bf  Solaris
 1  FAT12           27  Hidden NTFS Win 82  Linux swap / So c1  DRDOS/sec (FAT-
 2  XENIX root      39  Plan 9          83  Linux           c4  DRDOS/sec (FAT-
 3  XENIX usr       3c  PartitionMagic  84  OS/2 hidden C:  c6  DRDOS/sec (FAT-
 4  FAT16 <32M      40  Venix 80286     85  Linux extended  c7  Syrinx
 5  Extended        41  PPC PReP Boot   86  NTFS volume set da  Non-FS data
 6  FAT16           42  SFS             87  NTFS volume set db  CP/M / CTOS / .
 7  HPFS/NTFS/exFAT 4d  QNX4.x          88  Linux plaintext de  Dell Utility
 8  AIX             4e  QNX4.x 2nd part 8e  Linux LVM       df  BootIt
 9  AIX bootable    4f  QNX4.x 3rd part 93  Amoeba          e1  DOS access
 a  OS/2 Boot Manag 50  OnTrack DM      94  Amoeba BBT      e3  DOS R/O
 b  W95 FAT32       51  OnTrack DM6 Aux 9f  BSD/OS          e4  SpeedStor
 c  W95 FAT32 (LBA) 52  CP/M            a0  IBM Thinkpad hi eb  BeOS fs
 e  W95 FAT16 (LBA) 53  OnTrack DM6 Aux a5  FreeBSD         ee  GPT
 f  W95 Ext'd (LBA) 54  OnTrackDM6      a6  OpenBSD         ef  EFI (FAT-12/16/
10  OPUS            55  EZ-Drive        a7  NeXTSTEP        f0  Linux/PA-RISC b
11  Hidden FAT12    56  Golden Bow      a8  Darwin UFS      f1  SpeedStor
12  Compaq diagnost 5c  Priam Edisk     a9  NetBSD          f4  SpeedStor
14  Hidden FAT16 <3 61  SpeedStor       ab  Darwin boot     f2  DOS secondary
16  Hidden FAT16    63  GNU HURD or Sys af  HFS / HFS+      fb  VMware VMFS
17  Hidden HPFS/NTF 64  Novell Netware  b7  BSDI fs         fc  VMware VMKCORE
18  AST SmartSleep  65  Novell Netware  b8  BSDI swap       fd  Linux raid auto
1b  Hidden W95 FAT3 70  DiskSecure Mult bb  Boot Wizard hid fe  LANstep
1c  Hidden W95 FAT3 75  PC/IX           be  Solaris boot    ff  BBT
1e  Hidden W95 FAT1 80  Old Minix
Hex code (type L to list all codes): 8e
Changed type of partition 'Linux' to 'Linux LVM'

Command (m for help): p

Disk /dev/sdb: 5368 MB, 5368709120 bytes, 10485760 sectors
Units = sectors of 1 * 512 = 512 bytes
Sector size (logical/physical): 512 bytes / 512 bytes
I/O size (minimum/optimal): 512 bytes / 512 bytes
Disk label type: dos
Disk identifier: 0x9558a684

   Device Boot      Start         End      Blocks   Id  System
/dev/sdb1            2048    10485759     5241856   8e  Linux LVM

Command (m for help): wq
The partition table has been altered!

Calling ioctl() to re-read partition table.
Syncing disks.
[root@localhost ~]# lsblk
NAME   MAJ:MIN RM  SIZE RO TYPE MOUNTPOINT
sda      8:0    0   30G  0 disk
├─sda1   8:1    0  300M  0 part /boot
├─sda2   8:2    0    2G  0 part [SWAP]
└─sda3   8:3    0 27.7G  0 part /
sdb      8:16   0    5G  0 disk
└─sdb1   8:17   0    5G  0 part
sr0     11:0    1  4.2G  0 rom  /run/media/dhana/RHEL-7.8 Server.x86_64
[root@localhost ~]# mkfs.ext4 /dev/sdb1
mke2fs 1.42.9 (28-Dec-2013)
Filesystem label=
OS type: Linux
Block size=4096 (log=2)
Fragment size=4096 (log=2)
Stride=0 blocks, Stripe width=0 blocks
327680 inodes, 1310464 blocks
65523 blocks (5.00%) reserved for the super user
First data block=0
Maximum filesystem blocks=1342177280
40 block groups
32768 blocks per group, 32768 fragments per group
8192 inodes per group
Superblock backups stored on blocks:
        32768, 98304, 163840, 229376, 294912, 819200, 884736

Allocating group tables: done
Writing inode tables: done
Creating journal (32768 blocks): done
Writing superblocks and filesystem accounting information: done

[root@localhost ~]# lsblk
NAME   MAJ:MIN RM  SIZE RO TYPE MOUNTPOINT
sda      8:0    0   30G  0 disk
├─sda1   8:1    0  300M  0 part /boot
├─sda2   8:2    0    2G  0 part [SWAP]
└─sda3   8:3    0 27.7G  0 part /
sdb      8:16   0    5G  0 disk
└─sdb1   8:17   0    5G  0 part
sr0     11:0    1  4.2G  0 rom  /run/media/dhana/RHEL-7.8 Server.x86_64
[root@localhost ~]# pvcreate /dev/sdb1
WARNING: ext4 signature detected on /dev/sdb1 at offset 1080. Wipe it? [y/n]: y
  Wiping ext4 signature on /dev/sdb1.
  Physical volume "/dev/sdb1" successfully created.
[root@localhost ~]# pvs
  PV         VG Fmt  Attr PSize  PFree
  /dev/sdb1     lvm2 ---  <5.00g <5.00g
[root@localhost ~]# vgcreate vg_root /dev/sdb1
  Volume group "vg_root" successfully created

[root@localhost ~]# vgs
  VG      #PV #LV #SN Attr   VSize  VFree
  vg_root   1   0   0 wz--n- <5.00g <5.00g
[root@localhost ~]# lvcreate -l +100%FREE  -n lv_root vg_root
  Logical volume "lv_root" created.
[root@localhost ~]# lvs
  LV      VG      Attr       LSize  Pool Origin Data%  Meta%  Move Log Cpy%Sync Convert
  lv_root vg_root -wi-a----- <5.00g
[root@localhost ~]# lvdisplay
  --- Logical volume ---
  LV Path                /dev/vg_root/lv_root
  LV Name                lv_root
  VG Name                vg_root
  LV UUID                4aYKKL-EeIZ-UBgF-UZzK-y0hw-CnbU-oh4kZl
  LV Write Access        read/write
  LV Creation host, time localhost.localdomain, 2022-08-29 20:11:44 +0530
  LV Status              available
  # open                 0
  LV Size                <5.00 GiB
  Current LE             1279
  Segments               1
  Allocation             inherit
  Read ahead sectors     auto
  - currently set to     8192
  Block device           253:0

[root@localhost ~]# mkfs.ext4  /dev/vg_root/lv_root
mke2fs 1.42.9 (28-Dec-2013)
Filesystem label=
OS type: Linux
Block size=4096 (log=2)
Fragment size=4096 (log=2)
Stride=0 blocks, Stripe width=0 blocks
327680 inodes, 1309696 blocks
65484 blocks (5.00%) reserved for the super user
First data block=0
Maximum filesystem blocks=1342177280
40 block groups
32768 blocks per group, 32768 fragments per group
8192 inodes per group
Superblock backups stored on blocks:
        32768, 98304, 163840, 229376, 294912, 819200, 884736

Allocating group tables: done
Writing inode tables: done
Creating journal (32768 blocks): done
Writing superblocks and filesystem accounting information: done
[root@localhost ~]# mount  /dev/vg_root/lv_root /opt
[root@localhost ~]# lsblk
NAME                MAJ:MIN RM  SIZE RO TYPE MOUNTPOINT
sda                   8:0    0   30G  0 disk
├─sda1                8:1    0  300M  0 part /boot
├─sda2                8:2    0    2G  0 part [SWAP]
└─sda3                8:3    0 27.7G  0 part /
sdb                   8:16   0    5G  0 disk
└─sdb1                8:17   0    5G  0 part
  └─vg_root-lv_root 253:0    0    5G  0 lvm  /opt
sr0                  11:0    1  4.2G  0 rom  /run/media/dhana/RHEL-7.8 Server.x86_64
[root@localhost ~]#
